src/components/dashboard/ThreatPanel.tsx(419,39): error TS2339: Property 'new_lead_time_hours' does not exist on type 'Proposal'.
